================================================================================
TESTING WITH FRONTEND SCREENSHOT DATA
================================================================================

Perforaciones being sent:

  Capa 1:
    Profundidad: 0.0 m
    Tipo de suelo: suelo de prueba
    Color: CafÚ oscuro

  Capa 2:
    Profundidad: 1.45 m
    Tipo de suelo: Suelo expansivo de color rojo
    Color: Rojizo

  Capa 3:
    Profundidad: 2.45 m
    Tipo de suelo: Arcilla arenosa color amarillo cafÚ
    Color: Amarillo oscuro

================================================================================
Form Data Summary:
  Proyecto: TEST FRONTEND DATA
  Cliente: Cliente Test Frontend
  Pisos: 3
  Templates: ["4", "5", "6"]

================================================================================
Sending request to backend...
================================================================================

python : Traceback (most recent call last):
En línea: 1 Carácter: 148
+ ... utomatizacion_geotecnica" ; python test_frontend_data.py 2>&1 | Tee-O ...
+                                 ~~~~~~~~~~~~~~~~~~~~~~~~~~~~~~~~~
    + CategoryInfo          : NotSpecified: (Traceback (most recent call last) 
   ::String) [], RemoteException
    + FullyQualifiedErrorId : NativeCommandError
 
  File "C:\Users\Paola\OneDrive - Tecnologico de Antioquia Institucion 
Universitaria\Escritorio\Automatizaci¾n 
geotecnica\automatizacion_geotecnica\test_frontend_data.py", line 86, in 
<module>
    print(f"\u2713 Response Status: {response.status}")
    ~~~~~^^^^^^^^^^^^^^^^^^^^^^^^^^^^^^^^^^^^^^^^^
  File "C:\Users\Paola\AppData\Local\Python\pythoncore-3.14-64\Lib\encodings\cp
1252.py", line 19, in encode
    return codecs.charmap_encode(input,self.errors,encoding_table)[0]
           ~~~~~~~~~~~~~~~~~~~~~^^^^^^^^^^^^^^^^^^^^^^^^^^^^^^^^^^
UnicodeEncodeError: 'charmap' codec can't encode character '\u2713' in 
position 0: character maps to <undefined>

During handling of the above exception, another exception occurred:

Traceback (most recent call last):
  File "C:\Users\Paola\OneDrive - Tecnologico de Antioquia Institucion 
Universitaria\Escritorio\Automatizaci¾n 
geotecnica\automatizacion_geotecnica\test_frontend_data.py", line 107, in 
<module>
    print(f"\u274c Unexpected error: {e}")
    ~~~~~^^^^^^^^^^^^^^^^^^^^^^^^^^^^^
  File "C:\Users\Paola\AppData\Local\Python\pythoncore-3.14-64\Lib\encodings\cp
1252.py", line 19, in encode
    return codecs.charmap_encode(input,self.errors,encoding_table)[0]
           ~~~~~~~~~~~~~~~~~~~~~^^^^^^^^^^^^^^^^^^^^^^^^^^^^^^^^^^
UnicodeEncodeError: 'charmap' codec can't encode character '\u274c' in 
position 0: character maps to <undefined>
